Microchip MPLAB XC8 Compiler V1.38 ()

Linker command line:

-W-3 --edf=C:\Program Files (x86)\Microchip\xc8\v1.38\dat\en_msgs.txt -cs \
  -h+dist/default/production\123.X.production.sym \
  --cmf=dist/default/production\123.X.production.cmf -z -Q16F887 \
  -oC:\Users\MECATR~1\AppData\Local\Temp\s1r8s.2 \
  -Mdist/default/production/123.X.production.map -E1 -ver=XC8 \
  -ASTACK=0110h-016fh -pstack=STACK -ACODE=00h-07FFhx4 -ASTRCODE=00h-01FFFh \
  -ASTRING=00h-0FFhx32 -ACONST=00h-0FFhx32 -AENTRY=00h-0FFhx32 \
  -ACOMMON=070h-07Fh -ABANK0=020h-06Fh -ABANK1=0A0h-0EFh \
  -ABANK2=0110h-016Fh -ABANK3=0190h-01EFh \
  -ARAM=020h-06Fh,0A0h-0EFh,0110h-016Fh,0190h-01EFh \
  -AABS1=020h-07Fh,0A0h-0EFh,0110h-016Fh,0190h-01EFh -ASFR0=00h-01Fh \
  -ASFR1=080h-09Fh -ASFR2=0100h-010Fh -ASFR3=0180h-018Fh \
  -preset_vec=00h,intentry,init,end_init -ppowerup=CODE -pcinit=CODE \
  -pfunctab=CODE -ACONFIG=02007h-02008h -pconfig=CONFIG -DCONFIG=2 \
  -AIDLOC=02000h-02003h -pidloc=IDLOC -DIDLOC=2 -AEEDATA=00h-0FFh/02100h \
  -peeprom_data=EEDATA -DEEDATA=2 -DCODE=2 -DSTRCODE=2 -DSTRING=2 -DCONST=2 \
  -DENTRY=2 -k C:\Users\MECATR~1\AppData\Local\Temp\s1r8s.obj \
  dist/default/production\123.X.production.obj 

Object code version is 3.11

Machine type is 16F887



                Name                               Link     Load   Length Selector   Space Scale
C:\Users\MECATR~1\AppData\Local\Temp\s1r8s.obj
                end_init                              0        0        3        0       0
                config                             2007     2007        2     400E       0
dist/default/production\123.X.production.obj
                cinit                               7CF      7CF       31      F9E       0
                text6                               560      560       2E      AC0       0
                text5                               4FC      4FC        D      9F8       0
                text4                               536      536       2A      A6C       0
                text3                               4EC      4EC        8      9D8       0
                text2                               509      509        D      A12       0
                text1                               516      516       20      A2C       0
                maintext                            58E      58E      241      B1C       0
                cstackBANK0                          20       20       1D       20       1
                cstackCOMMON                         70       70        8       70       1
                clrtext                             4F4      4F4        8      9E8       0
                bssBANK1                             A0       A0       40       A0       1
                dataBANK0                            3D       3D        6       20       1
                bssCOMMON                            78       78        2       70       1
                idataBANK0                          4E6      4E6        6      9CC       0

TOTAL           Name                               Link     Load   Length     Space
        CLASS   STACK          

        CLASS   CODE           
                end_init                              0        0        3         0
                cinit                               7CF      7CF       31         0
                text6                               560      560       2E         0
                text5                               4FC      4FC        D         0
                text4                               536      536       2A         0
                text3                               4EC      4EC        8         0
                text2                               509      509        D         0
                text1                               516      516       20         0
                maintext                            58E      58E      241         0
                clrtext                             4F4      4F4        8         0
                idataBANK0                          4E6      4E6        6         0

        CLASS   STRCODE        

        CLASS   STRING         

        CLASS   CONST          

        CLASS   ENTRY          

        CLASS   COMMON         
                cstackCOMMON                         70       70        8         1
                bssCOMMON                            78       78        2         1

        CLASS   BANK0          
                cstackBANK0                          20       20       1D         1
                dataBANK0                            3D       3D        6         1

        CLASS   BANK1          
                bssBANK1                             A0       A0       40         1

        CLASS   BANK2          

        CLASS   BANK3          

        CLASS   RAM            

        CLASS   ABS1           
                abs_s1                               7E       7E        2         1

        CLASS   SFR0           

        CLASS   SFR1           

        CLASS   SFR2           

        CLASS   SFR3           

        CLASS   CONFIG         
                config                             2007     2007        2         0

        CLASS   IDLOC          

        CLASS   EEDATA         



SEGMENTS        Name                           Load    Length   Top    Selector   Space  Class     Delta

                reset_vec                      000000  000003  000003         0       0  CODE        2
                cstackBANK0                    000020  000023  000043        20       1  BANK0       1
                cstackCOMMON                   000070  00000A  00007A        70       1  COMMON      1
                bssBANK1                       0000A0  000040  0000E0        A0       1  BANK1       1
                idataBANK0                     0004E6  000006  0004EC       9CC       0  CODE        2
                text3                          0004EC  000008  0004F4       9D8       0  CODE        2
                clrtext                        0004F4  000008  0004FC       9E8       0  CODE        2
                text5                          0004FC  00000D  000509       9F8       0  CODE        2
                text2                          000509  00000D  000516       A12       0  CODE        2
                text1                          000516  000020  000536       A2C       0  CODE        2
                text4                          000536  00002A  000560       A6C       0  CODE        2
                text6                          000560  00002E  00058E       AC0       0  CODE        2
                maintext                       00058E  000241  0007CF       B1C       0  CODE        2
                cinit                          0007CF  000031  000800       F9E       0  CODE        2
                config                         002007  000002  002009      400E       0  CONFIG      2


UNUSED ADDRESS RANGES

        Name                Unused          Largest block    Delta
        BANK0            0043-006F             2D           1
        BANK1            00E0-00EF             10           1
        BANK2            0110-016F             60           1
        BANK3            0190-01EF             60           1
        CODE             0003-04E5            4E3           2
                         0800-1FFF            800
        COMMON           007A-007D              4           1
        CONST            0003-04E5            100           2
                         0800-1FFF            100
        EEDATA           2100-21FF            100           2
        ENTRY            0003-04E5            100           2
                         0800-1FFF            100
        IDLOC            2000-2003              4           2
        RAM              0043-006F             2D           1
                         00E0-00EF             10
                         0110-016F             60
                         0190-01EF             60
        SFR0             0000-001F             20           1
        SFR1             0080-009F             20           1
        SFR2             0100-010F             10           1
        SFR3             0180-018F             10           1
        STACK            0110-016F             60           1
        STRCODE          0003-04E5            4E3           2
                         0800-1FFF           1800
        STRING           0003-04E5            100           2
                         0800-1FFF            100

                                  Symbol Table

Test@d                    cstackCOMMON 0073
USARTInit@baud_rate       cstackCOMMON 0070
USARTWriteChar@ch         cstackCOMMON 0070
_BAUDCTLbits              (abs)        0187
_EEADR                    (abs)        010D
_EECON1bits               (abs)        018C
_EECON2                   (abs)        018D
_EEDATA                   (abs)        010C
_GIE                      (abs)        005F
_INTCON                   (abs)        000B
_INTCONbits               (abs)        000B
_OSCCONbits               (abs)        008F
_PIE1bits                 (abs)        008C
_PIR1bits                 (abs)        000C
_PIR2bits                 (abs)        000D
_PORTA                    (abs)        0005
_PORTAbits                (abs)        0005
_PORTB                    (abs)        0006
_PORTD                    (abs)        0008
_RCIF                     (abs)        0065
_RCREG                    (abs)        001A
_RCSTAbits                (abs)        0018
_SPBRG                    (abs)        0099
_TRISA                    (abs)        0085
_TRISB                    (abs)        0086
_TRISD                    (abs)        0088
_TXREG                    (abs)        0019
_TXSTAbits                (abs)        0098
_Test                     text6        0560
_UART_Read                text5        04FC
_UQEnd                    bssCOMMON    0078
_UQFront                  bssCOMMON    0079
_URBuff                   bssBANK1     00A0
_USARTInit                text4        0536
_USARTWriteChar           text3        04EC
__CFG_BOR4V$BOR40V        (abs)        0000
__CFG_BOREN$ON            (abs)        0000
__CFG_CP$OFF              (abs)        0000
__CFG_CPD$OFF             (abs)        0000
__CFG_FCMEN$ON            (abs)        0000
__CFG_FOSC$INTRC_NOCLKOUT (abs)        0000
__CFG_IESO$ON             (abs)        0000
__CFG_LVP$OFF             (abs)        0000
__CFG_MCLRE$ON            (abs)        0000
__CFG_PWRTE$OFF           (abs)        0000
__CFG_WDTE$OFF            (abs)        0000
__CFG_WRT$OFF             (abs)        0000
__Habs1                   abs1         0000
__Hbank0                  bank0        0000
__Hbank1                  bank1        0000
__Hbank2                  bank2        0000
__Hbank3                  bank3        0000
__HbssBANK1               bssBANK1     0000
__HbssCOMMON              bssCOMMON    0000
__Hcinit                  cinit        0800
__Hclrtext                clrtext      0000
__Hcode                   code         0000
__Hcommon                 common       0000
__Hconfig                 config       2009
__HcstackBANK0            cstackBANK0  0000
__HcstackCOMMON           cstackCOMMON 0000
__HdataBANK0              dataBANK0    0000
__Heeprom_data            eeprom_data  0000
__Hend_init               end_init     0003
__Hfunctab                functab      0000
__HidataBANK0             idataBANK0   0000
__Hidloc                  idloc        0000
__Hinit                   init         0000
__Hintentry               intentry     0000
__Hmaintext               maintext     0000
__Hpowerup                powerup      0000
__Hram                    ram          0000
__Hreset_vec              reset_vec    0000
__Hsfr0                   sfr0         0000
__Hsfr1                   sfr1         0000
__Hsfr2                   sfr2         0000
__Hsfr3                   sfr3         0000
__Hspace_0                (abs)        2009
__Hspace_1                (abs)        00E0
__Hspace_2                (abs)        0000
__Hspace_3                (abs)        0000
__Hstack                  stack        0000
__Hstrings                strings      0000
__Htext                   text         0000
__Labs1                   abs1         0000
__Lbank0                  bank0        0000
__Lbank1                  bank1        0000
__Lbank2                  bank2        0000
__Lbank3                  bank3        0000
__LbssBANK1               bssBANK1     0000
__LbssCOMMON              bssCOMMON    0000
__Lcinit                  cinit        07CF
__Lclrtext                clrtext      0000
__Lcode                   code         0000
__Lcommon                 common       0000
__Lconfig                 config       2007
__LcstackBANK0            cstackBANK0  0000
__LcstackCOMMON           cstackCOMMON 0000
__LdataBANK0              dataBANK0    0000
__Leeprom_data            eeprom_data  0000
__Lend_init               end_init     0000
__Lfunctab                functab      0000
__LidataBANK0             idataBANK0   0000
__Lidloc                  idloc        0000
__Linit                   init         0000
__Lintentry               intentry     0000
__Lmaintext               maintext     0000
__Lpowerup                powerup      0000
__Lram                    ram          0000
__Lreset_vec              reset_vec    0000
__Lsfr0                   sfr0         0000
__Lsfr1                   sfr1         0000
__Lsfr2                   sfr2         0000
__Lsfr3                   sfr3         0000
__Lspace_0                (abs)        0000
__Lspace_1                (abs)        0000
__Lspace_2                (abs)        0000
__Lspace_3                (abs)        0000
__Lstack                  stack        0000
__Lstrings                strings      0000
__Ltext                   text         0000
__S0                      (abs)        2009
__S1                      (abs)        00E0
__S2                      (abs)        0000
__S3                      (abs)        0000
___int_sp                 stack        0000
___latbits                (abs)        0002
___sp                     stack        0000
__end_of_Test             text6        058E
__end_of_UART_Read        text5        0509
__end_of_USARTInit        text4        0560
__end_of_USARTWriteChar   text3        04F4
__end_of__initialization  cinit        07FC
__end_of_main             maintext     07CF
__end_of_readEEPROM       text2        0516
__end_of_writeEEPROM      text1        0536
__initialization          cinit        07CF
__pbssBANK1               bssBANK1     00A0
__pbssCOMMON              bssCOMMON    0078
__pcstackBANK0            cstackBANK0  0020
__pcstackCOMMON           cstackCOMMON 0070
__pdataBANK0              dataBANK0    003D
__pidataBANK0             idataBANK0   04E6
__pmaintext               maintext     058E
__ptext1                  text1        0516
__ptext2                  text2        0509
__ptext3                  text3        04EC
__ptext4                  text4        0536
__ptext5                  text5        04FC
__ptext6                  text6        0560
__size_of_Test            (abs)        0000
__size_of_UART_Read       (abs)        0000
__size_of_USARTInit       (abs)        0000
__size_of_USARTWriteChar  (abs)        0000
__size_of_main            (abs)        0000
__size_of_readEEPROM      (abs)        0000
__size_of_writeEEPROM     (abs)        0000
_main                     maintext     058E
_readEEPROM               text2        0509
_writeEEPROM              text1        0516
btemp                     (abs)        007E
clear_ram0                clrtext      04F4
end_of_initialization     cinit        07FC
intlevel0                 functab      0000
intlevel1                 functab      0000
intlevel2                 functab      0000
intlevel3                 functab      0000
intlevel4                 functab      0000
intlevel5                 functab      0000
ltemp                     (abs)        007E
ltemp0                    (abs)        007E
ltemp1                    (abs)        0082
ltemp2                    (abs)        0086
ltemp3                    (abs)        0080
main@F1709                dataBANK0    003D
main@addresW              cstackBANK0  002C
main@addresW1             cstackBANK0  002D
main@cont                 cstackBANK0  002E
main@cont1                cstackBANK0  0026
main@i                    cstackBANK0  003B
main@j                    cstackBANK0  0030
main@k                    cstackBANK0  0037
main@pwd                  cstackBANK0  0020
main@u                    cstackBANK0  0032
main@v1                   cstackBANK0  0034
main@va                   cstackBANK0  002A
main@va2                  cstackBANK0  0028
main@w                    cstackBANK0  0039
main@y                    cstackBANK0  0036
readEEPROM@address        cstackCOMMON 0070
reset_vec                 reset_vec    0000
stackhi                   (abs)        0000
stacklo                   (abs)        0000
start                     init         0000
start_initialization      cinit        07CF
ttemp                     (abs)        007E
ttemp0                    (abs)        007E
ttemp1                    (abs)        0081
ttemp2                    (abs)        0084
ttemp3                    (abs)        0087
ttemp4                    (abs)        007F
writeEEPROM@INTCON_SAVE   cstackCOMMON 0073
writeEEPROM@address       cstackCOMMON 0072
writeEEPROM@datas         cstackCOMMON 0070
wtemp                     (abs)        007E
wtemp0                    (abs)        007E
wtemp1                    (abs)        0080
wtemp2                    (abs)        0082
wtemp3                    (abs)        0084
wtemp4                    (abs)        0086
wtemp5                    (abs)        0088
wtemp6                    (abs)        007F


FUNCTION INFORMATION:

 *************** function _main *****************
 Defined at:
		line 119 in file "newmain.c"
 Parameters:    Size  Location     Type
		None
 Auto vars:     Size  Location     Type
  k               2   23[BANK0 ] int 
  j               2   16[BANK0 ] int 
  v1              2   20[BANK0 ] int 
  y               1   22[BANK0 ] unsigned char 
  addresW1        1   13[BANK0 ] unsigned char 
  addresW         1   12[BANK0 ] unsigned char 
  w               2   25[BANK0 ] int 
  u               2   18[BANK0 ] int 
  i               2   27[BANK0 ] int 
  va              2   10[BANK0 ] int 
  va2             2    8[BANK0 ] int 
  pwd             6    0[BANK0 ] unsigned char [6]
  cont            2   14[BANK0 ] int 
  cont1           2    6[BANK0 ] int 
 Return value:  Size  Location     Type
                  1    wreg      void 
 Registers used:
		wreg, fsr0l, fsr0h, status,2, status,0, btemp+1, pclath, cstack
 Tracked objects:
		On entry : 
		On exit  : 
		Unchanged: 
 Data sizes:     COMMON   BANK0   BANK1   BANK3   BANK2
      Params:         0       0       0       0       0
      Locals:         0      29       0       0       0
      Temps:          3       0       0       0       0
      Totals:         3      29       0       0       0
Total ram usage:       32 bytes
 Hardware stack levels required when called:    1
 This function calls:
		_Test
		_UART_Read
		_USARTInit
		_USARTWriteChar
		_readEEPROM
		_writeEEPROM
 This function is called by:
		Startup code after reset
 This function uses a non-reentrant model


 *************** function _writeEEPROM *****************
 Defined at:
		line 90 in file "newmain.c"
 Parameters:    Size  Location     Type
  address         1    wreg     unsigned char 
  datas           1    0[COMMON] unsigned char 
 Auto vars:     Size  Location     Type
  address         1    2[COMMON] unsigned char 
  INTCON_SAVE     1    3[COMMON] unsigned char 
 Return value:  Size  Location     Type
                  1    wreg      void 
 Registers used:
		wreg, status,2
 Tracked objects:
		On entry : 
		On exit  : 
		Unchanged: 
 Data sizes:     COMMON   BANK0   BANK1   BANK3   BANK2
      Params:         1       0       0       0       0
      Locals:         2       0       0       0       0
      Temps:          1       0       0       0       0
      Totals:         4       0       0       0       0
Total ram usage:        4 bytes
 Hardware stack levels used:    1
 This function calls:
		Nothing
 This function is called by:
		_main
 This function uses a non-reentrant model


 *************** function _readEEPROM *****************
 Defined at:
		line 111 in file "newmain.c"
 Parameters:    Size  Location     Type
  address         1    wreg     unsigned char 
 Auto vars:     Size  Location     Type
  address         1    0[COMMON] unsigned char 
 Return value:  Size  Location     Type
                  1    wreg      unsigned char 
 Registers used:
		wreg
 Tracked objects:
		On entry : 
		On exit  : 
		Unchanged: 
 Data sizes:     COMMON   BANK0   BANK1   BANK3   BANK2
      Params:         0       0       0       0       0
      Locals:         1       0       0       0       0
      Temps:          0       0       0       0       0
      Totals:         1       0       0       0       0
Total ram usage:        1 bytes
 Hardware stack levels used:    1
 This function calls:
		Nothing
 This function is called by:
		_main
 This function uses a non-reentrant model


 *************** function _USARTWriteChar *****************
 Defined at:
		line 83 in file "newmain.c"
 Parameters:    Size  Location     Type
  ch              1    wreg     unsigned char 
 Auto vars:     Size  Location     Type
  ch              1    0[COMMON] unsigned char 
 Return value:  Size  Location     Type
                  1    wreg      void 
 Registers used:
		wreg
 Tracked objects:
		On entry : 
		On exit  : 
		Unchanged: 
 Data sizes:     COMMON   BANK0   BANK1   BANK3   BANK2
      Params:         0       0       0       0       0
      Locals:         1       0       0       0       0
      Temps:          0       0       0       0       0
      Totals:         1       0       0       0       0
Total ram usage:        1 bytes
 Hardware stack levels used:    1
 This function calls:
		Nothing
 This function is called by:
		_main
 This function uses a non-reentrant model


 *************** function _USARTInit *****************
 Defined at:
		line 28 in file "newmain.c"
 Parameters:    Size  Location     Type
  baud_rate       2    0[COMMON] unsigned int 
 Auto vars:     Size  Location     Type
		None
 Return value:  Size  Location     Type
                  1    wreg      void 
 Registers used:
		wreg, fsr0l, fsr0h, status,2, status,0
 Tracked objects:
		On entry : 
		On exit  : 
		Unchanged: 
 Data sizes:     COMMON   BANK0   BANK1   BANK3   BANK2
      Params:         2       0       0       0       0
      Locals:         0       0       0       0       0
      Temps:          1       0       0       0       0
      Totals:         3       0       0       0       0
Total ram usage:        3 bytes
 Hardware stack levels used:    1
 This function calls:
		Nothing
 This function is called by:
		_main
 This function uses a non-reentrant model


 *************** function _UART_Read *****************
 Defined at:
		line 61 in file "newmain.c"
 Parameters:    Size  Location     Type
		None
 Auto vars:     Size  Location     Type
		None
 Return value:  Size  Location     Type
                  1    wreg      unsigned char 
 Registers used:
		wreg
 Tracked objects:
		On entry : 
		On exit  : 
		Unchanged: 
 Data sizes:     COMMON   BANK0   BANK1   BANK3   BANK2
      Params:         0       0       0       0       0
      Locals:         0       0       0       0       0
      Temps:          0       0       0       0       0
      Totals:         0       0       0       0       0
Total ram usage:        0 bytes
 Hardware stack levels used:    1
 This function calls:
		Nothing
 This function is called by:
		_main
 This function uses a non-reentrant model


 *************** function _Test *****************
 Defined at:
		line 69 in file "newmain.c"
 Parameters:    Size  Location     Type
		None
 Auto vars:     Size  Location     Type
  d               2    3[COMMON] int 
 Return value:  Size  Location     Type
                  1    wreg      void 
 Registers used:
		wreg, status,2, status,0
 Tracked objects:
		On entry : 
		On exit  : 
		Unchanged: 
 Data sizes:     COMMON   BANK0   BANK1   BANK3   BANK2
      Params:         0       0       0       0       0
      Locals:         2       0       0       0       0
      Temps:          3       0       0       0       0
      Totals:         5       0       0       0       0
Total ram usage:        5 bytes
 Hardware stack levels used:    1
 This function calls:
		Nothing
 This function is called by:
		_main
 This function uses a non-reentrant model



MODULE INFORMATION

Module		Function		Class		Link	Load	Size
newmain.c
		_Test          		CODE           	0560	0000	47
		_UART_Read     		CODE           	04FC	0000	14
		_main          		CODE           	058E	0000	578
		_USARTWriteChar		CODE           	04EC	0000	9
		_USARTInit     		CODE           	0536	0000	43
		_readEEPROM    		CODE           	0509	0000	14
		_writeEEPROM   		CODE           	0516	0000	33

newmain.c estimated size: 738

shared
		__initialization		CODE           	07CF	0000	46

shared estimated size: 46

